warning: unused config key `net.timeout` in `/Users/xiao/.cargo/config.toml`
    Finished `dev` profile [unoptimized + debuginfo] target(s) in 0.40s
